tests/unit/test_law_governance_preview.py::test_pure_deterministic_scoped_preview
tests/unit/test_law_governance_preview.py::test_rejects_record_drift[governance-current_status-superseded]
tests/unit/test_law_governance_preview.py::test_rejects_record_drift[governance-review_status-verified]
tests/unit/test_law_governance_preview.py::test_rejects_record_drift[governance-production_approved-True]
tests/unit/test_law_governance_preview.py::test_rejects_record_drift[governance-production_approved-0]
tests/unit/test_law_governance_preview.py::test_rejects_record_drift[retrieval_policy-stop_normal_rag-True]
tests/unit/test_law_governance_preview.py::test_rejects_record_drift[retrieval_policy-stop_normal_rag-0]
tests/unit/test_law_governance_preview.py::test_rejects_record_drift[retrieval_policy-risk_level-high_red_line]
tests/unit/test_law_governance_preview.py::test_rejects_record_drift[retrieval_policy-requires_official_assessment-None]
tests/unit/test_law_governance_preview.py::test_rejects_record_drift[retrieval_policy-requires_official_assessment-false]
tests/unit/test_law_governance_preview.py::test_rejects_record_drift[retrieval_policy-requires_professional_assessment-True]
tests/unit/test_law_governance_preview.py::test_rejects_record_drift[retrieval_policy-retrieval_eligible-True]
tests/unit/test_law_governance_preview.py::test_rejects_record_drift[retrieval_policy-retrieval_block_reasons-value11]
tests/unit/test_law_governance_preview.py::test_rejects_record_drift[content-text-changed]
tests/unit/test_law_governance_preview.py::test_rejects_record_drift[content-embedding_text-changed]
tests/unit/test_law_governance_preview.py::test_rejects_record_drift[identity-source_id-another_source]
tests/unit/test_law_governance_preview.py::test_rejects_policy_drift[requires_professional_assessment-true]
tests/unit/test_law_governance_preview.py::test_rejects_policy_drift[text_sha256-0000000000000000000000000000000000000000000000000000000000000000]
tests/unit/test_law_governance_preview.py::test_rejects_policy_drift[embedding_text_sha256-0000000000000000000000000000000000000000000000000000000000000000]
tests/unit/test_law_governance_preview.py::test_rejects_policy_drift[source_allowed_purposes-value3]
tests/unit/test_law_governance_preview.py::test_rejects_policy_drift[chunk_allowed_purposes-value4]
tests/unit/test_law_governance_preview.py::test_rejects_policy_drift[retrieval_audiences-value5]
tests/unit/test_law_governance_preview.py::test_rejects_scope_drift[missing]
tests/unit/test_law_governance_preview.py::test_rejects_scope_drift[duplicate]
tests/unit/test_law_governance_preview.py::test_rejects_scope_drift[release]
tests/unit/test_law_governance_preview.py::test_rejects_scope_drift[profile]
tests/unit/test_law_governance_preview.py::test_rejects_scope_drift[authority]
tests/unit/test_law_governance_preview.py::test_strict_json[{"x":1,"x":2}]
tests/unit/test_law_governance_preview.py::test_strict_json[\xef\xbb\xbf{}]
tests/unit/test_law_governance_preview.py::test_strict_json[{}\r\n]
tests/unit/test_law_governance_preview.py::test_strict_json[[]]
tests/unit/test_law_governance_preview.py::test_rejects_unsafe_paths[../escape]
tests/unit/test_law_governance_preview.py::test_rejects_unsafe_paths[/escape]
tests/unit/test_law_governance_preview.py::test_rejects_unsafe_paths[C:/escape]
tests/unit/test_law_governance_preview.py::test_rejects_unsafe_paths[..\\escape]
tests/unit/test_law_governance_preview.py::test_inventory_detects_unlisted_and_changed_files
tests/unit/test_law_governance_preview.py::test_cli_sanitizes_unexpected_errors
tests/unit/test_law_governance_preview.py::test_cli_has_no_apply_or_output_mode
tests/unit/test_law_governance_preview.py::test_missing_record_and_policy_duplicate
tests/unit/test_law_governance_preview.py::test_changed_inventory_pin
tests/unit/test_law_governance_preview.py::test_authority_cannot_expand_to_external_or_production
tests/unit/test_law_governance_preview.py::test_import_has_no_environment_or_io_side_effects
tests/unit/test_law_governance_preview.py::test_repository_pinned_preview_is_offline
tests/unit/test_law_repair_candidate.py::test_candidate_uses_existing_importer_and_new_strict_schema
tests/unit/test_law_repair_candidate.py::test_only_scoped_governance_and_version_identity_change
tests/unit/test_law_repair_candidate.py::test_repair_schema_rejects_old_version_and_extra_fields
tests/unit/test_law_repair_candidate.py::test_deterministic_complete_crosswalk_and_immutable_inputs
tests/unit/test_rag_projection_importer.py::test_projection_batch_validates_before_database_use
tests/unit/test_rag_projection_importer.py::test_projection_batch_rejects_candidate_byte_tampering
tests/unit/test_rag_projection_importer.py::test_projection_batch_rejects_self_consistent_allowlist_mismatch
tests/unit/test_rag_projection_importer.py::test_projection_batch_never_promotes_candidate_to_production
tests/unit/test_rag_embedding_importer.py::test_loads_fixed_hash_profile_bound_artifact
tests/unit/test_rag_embedding_importer.py::test_rejects_dimension_before_database_use
tests/unit/test_rag_embedding_importer.py::test_rejects_tampered_artifact_hash
tests/unit/test_rag_embedding_importer.py::test_rejects_artifact_inside_repository
tests/unit/test_rag_embedding_importer.py::test_rejects_unattested_embedding_profile
tests/unit/test_rag_embedding_reuse_preflight.py::test_complete_candidate_snapshot_and_synthetic_vectors
tests/unit/test_rag_embedding_reuse_preflight.py::test_deterministic_independent_of_snapshot_order
tests/unit/test_rag_embedding_reuse_preflight.py::test_full_projection_drift_rejected_even_with_old_record_hash[stop_normal_rag-True]
tests/unit/test_rag_embedding_reuse_preflight.py::test_full_projection_drift_rejected_even_with_old_record_hash[current_status-superseded]
tests/unit/test_rag_embedding_reuse_preflight.py::test_full_projection_drift_rejected_even_with_old_record_hash[review_status-verified]
tests/unit/test_rag_embedding_reuse_preflight.py::test_full_projection_drift_rejected_even_with_old_record_hash[requires_professional_assessment-True]
tests/unit/test_rag_embedding_reuse_preflight.py::test_full_projection_drift_rejected_even_with_old_record_hash[allowed_purposes-value4]
tests/unit/test_rag_embedding_reuse_preflight.py::test_full_projection_drift_rejected_even_with_old_record_hash[production_approved-0]
tests/unit/test_rag_embedding_reuse_preflight.py::test_full_projection_drift_rejected_even_with_old_record_hash[chunk_text-private sentinel must not appear in errors]
tests/unit/test_rag_embedding_reuse_preflight.py::test_full_projection_drift_rejected_even_with_old_record_hash[record_sha256-ffffffffffffffffffffffffffffffffffffffffffffffffffffffffffffffff]
tests/unit/test_rag_embedding_reuse_preflight.py::test_full_projection_drift_rejected_even_with_old_record_hash[extra-None]
tests/unit/test_rag_embedding_reuse_preflight.py::test_nested_blocker_drift_is_not_overridden
tests/unit/test_rag_embedding_reuse_preflight.py::test_exact_snapshot_coverage[missing-projection_rows]
tests/unit/test_rag_embedding_reuse_preflight.py::test_exact_snapshot_coverage[missing-embedding_rows]
tests/unit/test_rag_embedding_reuse_preflight.py::test_exact_snapshot_coverage[duplicate-projection_rows]
tests/unit/test_rag_embedding_reuse_preflight.py::test_exact_snapshot_coverage[duplicate-embedding_rows]
tests/unit/test_rag_embedding_reuse_preflight.py::test_exact_snapshot_coverage[unknown-projection_rows]
tests/unit/test_rag_embedding_reuse_preflight.py::test_exact_snapshot_coverage[unknown-embedding_rows]
tests/unit/test_rag_embedding_reuse_preflight.py::test_vector_drift_and_invalid_vectors[release_id-other]
tests/unit/test_rag_embedding_reuse_preflight.py::test_vector_drift_and_invalid_vectors[embedding_profile_id-other]
tests/unit/test_rag_embedding_reuse_preflight.py::test_vector_drift_and_invalid_vectors[embedding_text_sha256-0000000000000000000000000000000000000000000000000000000000000000]
tests/unit/test_rag_embedding_reuse_preflight.py::test_vector_drift_and_invalid_vectors[embedding-[0.25,0.125,0.125,0.125,0.125,0.125,0.125,0.125,0.125,0.125,0.125,0.125,0.125,0.125,0.125,0.125,0.125,0.125,0.125,0.125,0.125,0.125,0.125,0.125,0.125,0.125,0.125,0.125,0.125,0.125,0.125,0.125,0.125,0.125,0.125,0.125,0.125,0.125,0.125,0.125,0.125,0.125,0.125,0.125,0.125,0.125,0.125,0.125,0.125,0.125,0.125,0.125,0.125,0.125,0.125,0.125,0.125,0.125,0.125,0.125,0.125,0.125,0.125,0.125,0.125,0.125,0.125,0.125,0.125,0.125,0.125,0.125,0.125,0.125,0.125,0.125,0.125,0.125,0.125,0.125,0.125,0.125,0.125,0.125,0.125,0.125,0.125,0.125,0.125,0.125,0.125,0.125,0.125,0.125,0.125,0.125,0.125,0.125,0.125,0.125,0.125,0.125,0.125,0.125,0.125,0.125,0.125,0.125,0.125,0.125,0.125,0.125,0.125,0.125,0.125,0.125,0.125,0.125,0.125,0.125,0.125,0.125,0.125,0.125,0.125,0.125,0.125,0.125,0.125,0.125,0.125,0.125,0.125,0.125,0.125,0.125,0.125,0.125,0.125,0.125,0.125,0.125,0.125,0.125,0.125,0.125,0.125,0.125,0.125,0.125,0.125,0.125,0.125,0.125,0.125,0.125,0.125,0.125,0.125,0.125,0.125,0.125,0.125,0.125,0.125,0.125,0.125,0.125,0.125,0.125,0.125,0.125,0.125,0.125,0.125,0.125,0.125,0.125,0.125,0.125,0.125,0.125,0.125,0.125,0.125,0.125,0.125,0.125,0.125,0.125,0.125,0.125,0.125,0.125,0.125,0.125,0.125,0.125,0.125,0.125,0.125,0.125,0.125,0.125,0.125,0.125,0.125,0.125,0.125,0.125,0.125,0.125,0.125,0.125,0.125,0.125,0.125,0.125,0.125,0.125,0.125,0.125,0.125,0.125,0.125,0.125,0.125,0.125,0.125,0.125,0.125,0.125,0.125,0.125,0.125,0.125,0.125,0.125,0.125,0.125,0.125,0.125,0.125,0.125,0.125,0.125,0.125,0.125,0.125,0.125,0.125,0.125,0.125,0.125,0.125,0.125,0.125,0.125,0.125,0.125,0.125,0.125,0.125,0.125,0.125,0.125,0.125,0.125,0.125,0.125,0.125,0.125,0.125,0.125,0.125,0.125,0.125,0.125,0.125,0.125,0.125,0.125,0.125,0.125,0.125,0.125,0.125,0.125,0.125,0.125,0.125,0.125,0.125,0.125,0.125,0.125,0.125,0.125,0.125,0.125,0.125,0.125,0.125,0.125,0.125,0.125,0.125,0.125,0.125,0.125,0.125,0.125,0.125,0.125,0.125,0.125,0.125,0.125,0.125,0.125,0.125,0.125,0.125,0.125,0.125,0.125,0.125,0.125,0.125,0.125,0.125,0.125,0.125,0.125,0.125,0.125,0.125,0.125,0.125,0.125,0.125,0.125,0.125,0.125,0.125,0.125,0.125,0.125,0.125,0.125,0.125,0.125,0.125,0.125,0.125,0.125,0.125,0.125,0.125,0.125,0.125,0.125,0.125,0.125,0.125,0.125,0.125,0.125,0.125,0.125,0.125,0.125,0.125,0.125,0.125,0.125,0.125,0.125,0.125,0.125,0.125,0.125,0.125,0.125,0.125,0.125,0.125,0.125,0.125,0.125,0.125,0.125,0.125,0.125,0.125,0.125,0.125,0.125,0.125,0.125,0.125,0.125,0.125,0.125,0.125,0.125,0.125,0.125,0.125,0.125,0.125,0.125,0.125,0.125,0.125,0.125,0.125,0.125,0.125,0.125,0.125,0.125,0.125,0.125,0.125,0.125,0.125,0.125,0.125,0.125,0.125,0.125,0.125,0.125,0.125,0.125,0.125,0.125,0.125,0.125,0.125,0.125,0.125,0.125,0.125,0.125,0.125,0.125,0.125,0.125,0.125,0.125,0.125,0.125,0.125,0.125,0.125,0.125,0.125,0.125,0.125,0.125,0.125,0.125,0.125,0.125,0.125,0.125,0.125,0.125,0.125,0.125,0.125,0.125,0.125,0.125,0.125,0.125,0.125,0.125,0.125,0.125,0.125,0.125,0.125,0.125,0.125,0.125,0.125,0.125,0.125,0.125,0.125,0.125,0.125,0.125,0.125,0.125,0.125,0.125,0.125,0.125,0.125,0.125,0.125,0.125,0.125,0.125,0.125,0.125,0.125,0.125,0.125,0.125,0.125,0.125,0.125,0.125,0.125,0.125,0.125,0.125,0.125,0.125,0.125,0.125,0.125,0.125,0.125,0.125,0.125,0.125,0.125,0.125,0.125,0.125,0.125,0.125,0.125,0.125,0.125,0.125,0.125,0.125,0.125,0.125,0.125,0.125,0.125,0.125,0.125,0.125,0.125,0.125,0.125,0.125,0.125,0.125,0.125,0.125,0.125,0.125,0.125,0.125,0.125,0.125,0.125,0.125,0.125,0.125,0.125,0.125,0.125,0.125,0.125,0.125,0.125,0.125,0.125,0.125,0.125,0.125,0.125,0.125,0.125,0.125,0.125,0.125,0.125,0.125,0.125,0.125,0.125,0.125,0.125,0.125,0.125,0.125,0.125,0.125,0.125,0.125,0.125,0.125,0.125,0.125,0.125,0.125,0.125,0.125,0.125,0.125,0.125,0.125,0.125,0.125,0.125,0.125,0.125,0.125,0.125,0.125,0.125,0.125,0.125,0.125,0.125,0.125,0.125,0.125,0.125,0.125,0.125,0.125,0.125,0.125,0.125,0.125,0.125,0.125,0.125,0.125,0.125,0.125,0.125,0.125,0.125,0.125,0.125,0.125,0.125,0.125,0.125,0.125,0.125,0.125,0.125,0.125,0.125,0.125,0.125,0.125,0.125,0.125,0.125,0.125,0.125,0.125,0.125,0.125,0.125,0.125,0.125,0.125,0.125,0.125,0.125,0.125,0.125,0.125,0.125,0.125,0.125,0.125,0.125,0.125,0.125,0.125,0.125,0.125,0.125,0.125,0.125,0.125,0.125,0.125,0.125,0.125,0.125,0.125,0.125,0.125,0.125,0.125,0.125,0.125,0.125,0.125,0.125,0.125,0.125,0.125,0.125,0.125,0.125,0.125,0.125,0.125,0.125,0.125,0.125,0.125,0.125,0.125,0.125,0.125,0.125,0.125,0.125,0.125,0.125,0.125,0.125,0.125,0.125,0.125,0.125,0.125,0.125,0.125,0.125,0.125,0.125,0.125,0.125,0.125,0.125,0.125,0.125,0.125,0.125,0.125,0.125,0.125,0.125,0.125,0.125,0.125,0.125,0.125,0.125,0.125,0.125,0.125,0.125,0.125,0.125,0.125,0.125,0.125,0.125,0.125,0.125,0.125,0.125,0.125,0.125,0.125,0.125,0.125,0.125,0.125,0.125,0.125,0.125,0.125,0.125,0.125,0.125,0.125,0.125,0.125,0.125,0.125,0.125,0.125,0.125,0.125,0.125,0.125,0.125,0.125,0.125,0.125,0.125,0.125,0.125,0.125,0.125,0.125,0.125,0.125,0.125,0.125,0.125,0.125,0.125,0.125,0.125,0.125,0.125,0.125,0.125,0.125,0.125,0.125,0.125,0.125,0.125,0.125,0.125,0.125,0.125,0.125,0.125,0.125,0.125,0.125,0.125,0.125,0.125,0.125,0.125,0.125,0.125,0.125,0.125,0.125,0.125,0.125,0.125,0.125,0.125,0.125,0.125,0.125,0.125,0.125,0.125,0.125,0.125,0.125,0.125,0.125,0.125,0.125,0.125,0.125,0.125,0.125,0.125,0.125,0.125,0.125,0.125,0.125,0.125,0.125,0.125,0.125,0.125,0.125,0.125,0.125,0.125,0.125,0.125,0.125,0.125,0.125,0.125,0.125,0.125,0.125,0.125,0.125,0.125,0.125,0.125,0.125,0.125,0.125,0.125,0.125,0.125,0.125,0.125,0.125,0.125,0.125,0.125,0.125,0.125,0.125,0.125,0.125,0.125,0.125,0.125,0.125,0.125,0.125,0.125,0.125,0.125,0.125,0.125,0.125,0.125,0.125,0.125,0.125,0.125,0.125,0.125,0.125,0.125,0.125,0.125,0.125,0.125,0.125,0.125,0.125,0.125,0.125,0.125,0.125,0.125,0.125,0.125,0.125,0.125,0.125,0.125,0.125,0.125,0.125,0.125,0.125,0.125,0.125,0.125,0.125,0.125,0.125,0.125,0.125,0.125,0.125,0.125,0.125,0.125,0.125,0.125,0.125,0.125,0.125,0.125,0.125,0.125,0.125,0.125,0.125,0.125,0.125,0.125,0.125,0.125,0.125,0.125,0.125,0.125,0.125,0.125,0.125,0.125,0.125,0.125,0.125,0.125,0.125,0.125,0.125,0.125,0.125,0.125,0.125,0.125,0.125,0.125,0.125,0.125,0.125,0.125,0.125,0.125,0.125,0.125,0.125,0.125,0.125,0.125,0.125]]
tests/unit/test_rag_embedding_reuse_preflight.py::test_vector_drift_and_invalid_vectors[embedding-[nan,0.125,0.125,0.125,0.125,0.125,0.125,0.125,0.125,0.125,0.125,0.125,0.125,0.125,0.125,0.125,0.125,0.125,0.125,0.125,0.125,0.125,0.125,0.125,0.125,0.125,0.125,0.125,0.125,0.125,0.125,0.125,0.125,0.125,0.125,0.125,0.125,0.125,0.125,0.125,0.125,0.125,0.125,0.125,0.125,0.125,0.125,0.125,0.125,0.125,0.125,0.125,0.125,0.125,0.125,0.125,0.125,0.125,0.125,0.125,0.125,0.125,0.125,0.125,0.125,0.125,0.125,0.125,0.125,0.125,0.125,0.125,0.125,0.125,0.125,0.125,0.125,0.125,0.125,0.125,0.125,0.125,0.125,0.125,0.125,0.125,0.125,0.125,0.125,0.125,0.125,0.125,0.125,0.125,0.125,0.125,0.125,0.125,0.125,0.125,0.125,0.125,0.125,0.125,0.125,0.125,0.125,0.125,0.125,0.125,0.125,0.125,0.125,0.125,0.125,0.125,0.125,0.125,0.125,0.125,0.125,0.125,0.125,0.125,0.125,0.125,0.125,0.125,0.125,0.125,0.125,0.125,0.125,0.125,0.125,0.125,0.125,0.125,0.125,0.125,0.125,0.125,0.125,0.125,0.125,0.125,0.125,0.125,0.125,0.125,0.125,0.125,0.125,0.125,0.125,0.125,0.125,0.125,0.125,0.125,0.125,0.125,0.125,0.125,0.125,0.125,0.125,0.125,0.125,0.125,0.125,0.125,0.125,0.125,0.125,0.125,0.125,0.125,0.125,0.125,0.125,0.125,0.125,0.125,0.125,0.125,0.125,0.125,0.125,0.125,0.125,0.125,0.125,0.125,0.125,0.125,0.125,0.125,0.125,0.125,0.125,0.125,0.125,0.125,0.125,0.125,0.125,0.125,0.125,0.125,0.125,0.125,0.125,0.125,0.125,0.125,0.125,0.125,0.125,0.125,0.125,0.125,0.125,0.125,0.125,0.125,0.125,0.125,0.125,0.125,0.125,0.125,0.125,0.125,0.125,0.125,0.125,0.125,0.125,0.125,0.125,0.125,0.125,0.125,0.125,0.125,0.125,0.125,0.125,0.125,0.125,0.125,0.125,0.125,0.125,0.125,0.125,0.125,0.125,0.125,0.125,0.125,0.125,0.125,0.125,0.125,0.125,0.125,0.125,0.125,0.125,0.125,0.125,0.125,0.125,0.125,0.125,0.125,0.125,0.125,0.125,0.125,0.125,0.125,0.125,0.125,0.125,0.125,0.125,0.125,0.125,0.125,0.125,0.125,0.125,0.125,0.125,0.125,0.125,0.125,0.125,0.125,0.125,0.125,0.125,0.125,0.125,0.125,0.125,0.125,0.125,0.125,0.125,0.125,0.125,0.125,0.125,0.125,0.125,0.125,0.125,0.125,0.125,0.125,0.125,0.125,0.125,0.125,0.125,0.125,0.125,0.125,0.125,0.125,0.125,0.125,0.125,0.125,0.125,0.125,0.125,0.125,0.125,0.125,0.125,0.125,0.125,0.125,0.125,0.125,0.125,0.125,0.125,0.125,0.125,0.125,0.125,0.125,0.125,0.125,0.125,0.125,0.125,0.125,0.125,0.125,0.125,0.125,0.125,0.125,0.125,0.125,0.125,0.125,0.125,0.125,0.125,0.125,0.125,0.125,0.125,0.125,0.125,0.125,0.125,0.125,0.125,0.125,0.125,0.125,0.125,0.125,0.125,0.125,0.125,0.125,0.125,0.125,0.125,0.125,0.125,0.125,0.125,0.125,0.125,0.125,0.125,0.125,0.125,0.125,0.125,0.125,0.125,0.125,0.125,0.125,0.125,0.125,0.125,0.125,0.125,0.125,0.125,0.125,0.125,0.125,0.125,0.125,0.125,0.125,0.125,0.125,0.125,0.125,0.125,0.125,0.125,0.125,0.125,0.125,0.125,0.125,0.125,0.125,0.125,0.125,0.125,0.125,0.125,0.125,0.125,0.125,0.125,0.125,0.125,0.125,0.125,0.125,0.125,0.125,0.125,0.125,0.125,0.125,0.125,0.125,0.125,0.125,0.125,0.125,0.125,0.125,0.125,0.125,0.125,0.125,0.125,0.125,0.125,0.125,0.125,0.125,0.125,0.125,0.125,0.125,0.125,0.125,0.125,0.125,0.125,0.125,0.125,0.125,0.125,0.125,0.125,0.125,0.125,0.125,0.125,0.125,0.125,0.125,0.125,0.125,0.125,0.125,0.125,0.125,0.125,0.125,0.125,0.125,0.125,0.125,0.125,0.125,0.125,0.125,0.125,0.125,0.125,0.125,0.125,0.125,0.125,0.125,0.125,0.125,0.125,0.125,0.125,0.125,0.125,0.125,0.125,0.125,0.125,0.125,0.125,0.125,0.125,0.125,0.125,0.125,0.125,0.125,0.125,0.125,0.125,0.125,0.125,0.125,0.125,0.125,0.125,0.125,0.125,0.125,0.125,0.125,0.125,0.125,0.125,0.125,0.125,0.125,0.125,0.125,0.125,0.125,0.125,0.125,0.125,0.125,0.125,0.125,0.125,0.125,0.125,0.125,0.125,0.125,0.125,0.125,0.125,0.125,0.125,0.125,0.125,0.125,0.125,0.125,0.125,0.125,0.125,0.125,0.125,0.125,0.125,0.125,0.125,0.125,0.125,0.125,0.125,0.125,0.125,0.125,0.125,0.125,0.125,0.125,0.125,0.125,0.125,0.125,0.125,0.125,0.125,0.125,0.125,0.125,0.125,0.125,0.125,0.125,0.125,0.125,0.125,0.125,0.125,0.125,0.125,0.125,0.125,0.125,0.125,0.125,0.125,0.125,0.125,0.125,0.125,0.125,0.125,0.125,0.125,0.125,0.125,0.125,0.125,0.125,0.125,0.125,0.125,0.125,0.125,0.125,0.125,0.125,0.125,0.125,0.125,0.125,0.125,0.125,0.125,0.125,0.125,0.125,0.125,0.125,0.125,0.125,0.125,0.125,0.125,0.125,0.125,0.125,0.125,0.125,0.125,0.125,0.125,0.125,0.125,0.125,0.125,0.125,0.125,0.125,0.125,0.125,0.125,0.125,0.125,0.125,0.125,0.125,0.125,0.125,0.125,0.125,0.125,0.125,0.125,0.125,0.125,0.125,0.125,0.125,0.125,0.125,0.125,0.125,0.125,0.125,0.125,0.125,0.125,0.125,0.125,0.125,0.125,0.125,0.125,0.125,0.125,0.125,0.125,0.125,0.125,0.125,0.125,0.125,0.125,0.125,0.125,0.125,0.125,0.125,0.125,0.125,0.125,0.125,0.125,0.125,0.125,0.125,0.125,0.125,0.125,0.125,0.125,0.125,0.125,0.125,0.125,0.125,0.125,0.125,0.125,0.125,0.125,0.125,0.125,0.125,0.125,0.125,0.125,0.125,0.125,0.125,0.125,0.125,0.125,0.125,0.125,0.125,0.125,0.125,0.125,0.125,0.125,0.125,0.125,0.125,0.125,0.125,0.125,0.125,0.125,0.125,0.125,0.125,0.125,0.125,0.125,0.125,0.125,0.125,0.125,0.125,0.125,0.125,0.125,0.125,0.125,0.125,0.125,0.125,0.125,0.125,0.125,0.125,0.125,0.125,0.125,0.125,0.125,0.125,0.125,0.125,0.125,0.125,0.125,0.125,0.125,0.125,0.125,0.125,0.125,0.125,0.125,0.125,0.125,0.125,0.125,0.125,0.125,0.125,0.125,0.125,0.125,0.125,0.125,0.125,0.125,0.125,0.125,0.125,0.125,0.125,0.125,0.125,0.125,0.125,0.125,0.125,0.125,0.125,0.125,0.125,0.125,0.125,0.125,0.125,0.125,0.125,0.125,0.125,0.125,0.125,0.125,0.125,0.125,0.125,0.125,0.125,0.125,0.125,0.125,0.125,0.125,0.125,0.125,0.125,0.125,0.125,0.125,0.125,0.125,0.125,0.125,0.125,0.125,0.125,0.125,0.125,0.125,0.125,0.125,0.125,0.125,0.125,0.125,0.125,0.125,0.125,0.125,0.125,0.125,0.125,0.125,0.125,0.125,0.125,0.125,0.125,0.125,0.125,0.125,0.125,0.125,0.125,0.125,0.125,0.125,0.125,0.125,0.125,0.125,0.125,0.125,0.125,0.125,0.125,0.125,0.125,0.125,0.125,0.125,0.125,0.125,0.125,0.125,0.125,0.125,0.125,0.125,0.125,0.125,0.125,0.125,0.125,0.125,0.125,0.125,0.125,0.125,0.125,0.125,0.125,0.125,0.125,0.125,0.125,0.125,0.125,0.125,0.125,0.125,0.125,0.125,0.125,0.125,0.125,0.125,0.125,0.125,0.125,0.125,0.125,0.125,0.125,0.125,0.125,0.125,0.125,0.125,0.125,0.125,0.125,0.125,0.125,0.125,0.125,0.125,0.125,0.125,0.125,0.125,0.125,0.125,0.125,0.125,0.125,0.125,0.125,0.125,0.125,0.125,0.125,0.125,0.125,0.125,0.125,0.125,0.125,0.125,0.125]]
tests/unit/test_rag_embedding_reuse_preflight.py::test_vector_drift_and_invalid_vectors[embedding-[1,2]]
tests/unit/test_rag_embedding_reuse_preflight.py::test_vector_drift_and_invalid_vectors[extra-True]
tests/unit/test_rag_embedding_reuse_preflight.py::test_original_artifact_binding[candidate_sha256-0000000000000000000000000000000000000000000000000000000000000000]
tests/unit/test_rag_embedding_reuse_preflight.py::test_original_artifact_binding[release_id-other]
tests/unit/test_rag_embedding_reuse_preflight.py::test_original_artifact_binding[source_count-9]
tests/unit/test_rag_embedding_reuse_preflight.py::test_original_artifact_binding[chunk_count-1]
tests/unit/test_rag_embedding_reuse_preflight.py::test_original_artifact_binding[production_approved-True]
tests/unit/test_rag_embedding_reuse_preflight.py::test_changed_successor_text_and_crosswalk_rejected
tests/unit/test_rag_embedding_reuse_preflight.py::test_original_fingerprint_is_verified_not_trusted
tests/unit/test_law_repair_sync.py::test_preflight_explicit_read_only_never_imports
tests/unit/test_law_repair_sync.py::test_apply_requires_matching_preflight_before_writes
tests/unit/test_law_repair_sync.py::test_apply_lock_then_both_imports_then_commit
tests/unit/test_law_repair_sync.py::test_failure_after_projection_rolls_back_whole_transaction[import_embeddings]
tests/unit/test_law_repair_sync.py::test_failure_after_projection_rolls_back_whole_transaction[verify_embeddings]
tests/unit/test_law_repair_sync.py::test_other_database_identity_invalidates_preflight
tests/unit/test_law_repair_sync.py::test_independent_verify_is_read_only_and_does_not_import
tests/unit/test_law_repair_sync.py::test_target_metadata_drift_rolls_back
tests/unit/test_law_repair_sync.py::test_apply_cli_requires_both_acknowledgements[args0]
tests/unit/test_law_repair_sync.py::test_apply_cli_requires_both_acknowledgements[args1]
tests/unit/test_law_repair_sync.py::test_apply_cli_requires_both_acknowledgements[args2]

99 tests collected in 2.81s
