tests/integration/test_approved_dataset.py::test_current_approved_dataset_matches_allowlist_and_normalizes_filters
tests/integration/test_human_review_acceptance.py::test_owner_acceptance_is_bound_to_immutable_pending_package
tests/integration/test_human_review_acceptance.py::test_owner_acceptance_refuses_overwrite
tests/integration/test_human_review_acceptance.py::test_validator_rejects_production_approval_with_rewritten_checksums
tests/integration/test_human_review_acceptance.py::test_validator_rejects_signature_identity_mismatch_with_rewritten_checksums
tests/integration/test_human_review_acceptance.py::test_committed_owner_acceptance_is_valid
tests/integration/test_human_review_package.py::test_human_review_package_covers_every_chunk_without_auto_review
tests/integration/test_human_review_package.py::test_human_review_package_records_missing_local_sources_and_no_external_access
tests/integration/test_human_review_package.py::test_human_review_package_is_immutable
tests/integration/test_human_review_package.py::test_validator_rejects_a_forged_human_approval_even_with_rewritten_checksums
tests/integration/test_human_review_package.py::test_committed_human_review_package_is_valid
tests/integration/test_rag_governance_closeout_acceptance.py::test_closeout_document_records_verified_and_deferred_decisions
tests/integration/test_rag_governance_closeout_acceptance.py::test_closeout_builder_is_deterministic_and_refuses_overwrite
tests/integration/test_rag_governance_closeout_acceptance.py::test_committed_closeout_acceptance_is_valid
tests/integration/test_source_family_policy.py::test_committed_source_family_policy_preflight_is_valid
tests/integration/test_source_family_policy.py::test_committed_source_family_policy_candidate_is_valid
tests/integration/test_source_family_policy.py::test_high_unknown_and_research_routes_remain_blocked
tests/integration/test_source_family_policy.py::test_missing_license_evidence_never_enters_ordinary_rag
tests/integration/test_source_family_policy.py::test_source_family_formal_outputs_refuse_overwrite
tests/integration/test_source_family_policy_audit_v10.py::test_v10_build_validate_and_refuse_overwrite
tests/integration/test_source_family_policy_audit_v10.py::test_committed_v10_matches_current_sync_inputs
tests/integration/test_source_family_policy_audit_v4.py::test_audit_v4_builder_is_deterministic_and_refuses_overwrite
tests/integration/test_source_family_policy_audit_v4.py::test_committed_audit_v4_is_valid
tests/integration/test_source_family_policy_audit_v5.py::test_audit_v5_builder_is_deterministic_and_refuses_overwrite
tests/integration/test_source_family_policy_audit_v5.py::test_committed_audit_v5_is_valid
tests/integration/test_source_family_policy_audit_v6.py::test_audit_v6_builder_is_deterministic_and_refuses_overwrite
tests/integration/test_source_family_policy_audit_v6.py::test_committed_audit_v6_is_valid
tests/integration/test_source_family_policy_audit_v7.py::test_audit_v7_builder_is_deterministic_and_refuses_overwrite
tests/integration/test_source_family_policy_audit_v7.py::test_committed_audit_v7_remains_a_valid_frozen_predecessor
tests/integration/test_source_family_policy_audit_v8.py::test_audit_v8_builder_is_deterministic_and_refuses_overwrite
tests/integration/test_source_family_policy_audit_v8.py::test_committed_audit_v8_matches_current_runtime_governance
tests/integration/test_source_family_policy_audit_v9.py::test_audit_v9_build_validates_and_refuses_overwrite
tests/integration/test_source_family_policy_audit_v9.py::test_committed_audit_v9_matches_current_law_repair
tests/integration/test_source_family_policy_v2.py::test_committed_policy_v2_packages_are_valid
tests/integration/test_source_family_policy_v2.py::test_missing_license_url_is_not_an_automatic_source_block
tests/integration/test_source_family_policy_v2.py::test_five_owner_general_risk_decisions_map_to_low_overlay
tests/integration/test_source_family_policy_v2.py::test_all_roles_can_search_official_candidates_but_response_gate_still_applies
tests/integration/test_source_family_policy_v2.py::test_high_stop_noncurrent_and_research_chunks_fail_closed
tests/integration/test_source_family_policy_v2.py::test_policy_v2_formal_outputs_refuse_overwrite
tests/integration/test_source_family_runtime_policy.py::test_runtime_policy_rebuild_is_deterministic_and_does_not_mutate_inputs
tests/integration/test_source_family_runtime_policy.py::test_runtime_policy_refuses_overwrite
tests/integration/test_source_family_runtime_policy.py::test_committed_runtime_policy_is_valid
tests/integration/test_source_family_runtime_policy_v2.py::test_runtime_v002_rebuild_is_deterministic_and_preserves_prior_bytes
tests/integration/test_source_family_runtime_policy_v2.py::test_committed_owner_acceptance_and_runtime_v002_are_valid
tests/integration/test_source_family_runtime_policy_v2.py::test_runtime_v002_refuses_overwrite
tests/integration/test_source_family_runtime_policy_v3.py::test_runtime_v003_rebuild_is_deterministic_and_preserves_prior_bytes
tests/integration/test_source_family_runtime_policy_v3.py::test_committed_owner_acceptance_and_runtime_v003_are_valid
tests/integration/test_source_family_runtime_policy_v3.py::test_runtime_v003_fills_all_32_purposes_and_enables_current_core_intent
tests/integration/test_source_family_runtime_policy_v3.py::test_runtime_v003_refuses_overwrite
tests/integration/test_staging_embedding_authorization.py::test_authorization_binds_fixed_allowlist_without_mutating_inputs
tests/integration/test_staging_embedding_authorization.py::test_authorization_refuses_overwrite
tests/integration/test_staging_embedding_authorization.py::test_validator_rejects_production_approval_with_rewritten_checksums
tests/integration/test_staging_embedding_authorization.py::test_validator_rejects_unbound_allowlist_hash_with_rewritten_checksums
tests/integration/test_staging_embedding_authorization.py::test_committed_staging_embedding_authorization_is_valid
tests/integration/test_v2_artifacts.py::test_v2_candidate_is_complete_schema_valid_and_non_production
tests/integration/test_v2_artifacts.py::test_preflight_hash_bytes_require_utf8_without_bom_and_lf_only
tests/integration/test_v2_artifacts.py::test_collected_node_normalization_preserves_escaped_parameter_ids
tests/integration/test_v2_artifacts.py::test_preflight_and_candidate_are_immutable
tests/integration/test_v2_artifacts.py::test_execution_receipt_is_atomic_immutable_and_deeply_validated
tests/integration/test_v2_artifacts.py::test_atomic_publish_refuses_a_final_directory_that_appeared_during_gates
tests/integration/test_v2_artifacts.py::test_evidence_runner_atomically_publishes_complete_passing_evidence
tests/integration/test_v2_artifacts.py::test_evidence_runner_process_failure_never_publishes_active_evidence[nonzero]
tests/integration/test_v2_artifacts.py::test_evidence_runner_process_failure_never_publishes_active_evidence[timeout]
tests/integration/test_v2_artifacts.py::test_evidence_runner_detects_inventory_change_during_execution
tests/integration/test_v2_artifacts.py::test_evidence_runner_rejects_missing_or_malformed_junit[missing]
tests/integration/test_v2_artifacts.py::test_evidence_runner_rejects_missing_or_malformed_junit[malformed]
tests/integration/test_v2_artifacts.py::test_evidence_runner_rejects_self_consistent_junit_semantic_bypasses[uncollected_identity-independent collection]
tests/integration/test_v2_artifacts.py::test_evidence_runner_rejects_self_consistent_junit_semantic_bypasses[hidden_failure-failures.*suite totals]
tests/integration/test_v2_artifacts.py::test_evidence_runner_rejects_self_consistent_junit_semantic_bypasses[all_skipped-failed, errored, or skipped tests]
tests/integration/test_v2_artifacts.py::test_evidence_and_build_reject_noncanonical_preflight_bytes[reformat-inventory-evidence]
tests/integration/test_v2_artifacts.py::test_evidence_and_build_reject_noncanonical_preflight_bytes[reformat-inventory-build]
tests/integration/test_v2_artifacts.py::test_evidence_and_build_reject_noncanonical_preflight_bytes[reformat-prior_lock-evidence]
tests/integration/test_v2_artifacts.py::test_evidence_and_build_reject_noncanonical_preflight_bytes[reformat-prior_lock-build]
tests/integration/test_v2_artifacts.py::test_evidence_and_build_reject_noncanonical_preflight_bytes[bom-inventory-evidence]
tests/integration/test_v2_artifacts.py::test_evidence_and_build_reject_noncanonical_preflight_bytes[bom-inventory-build]
tests/integration/test_v2_artifacts.py::test_evidence_and_build_reject_noncanonical_preflight_bytes[bom-prior_lock-evidence]
tests/integration/test_v2_artifacts.py::test_evidence_and_build_reject_noncanonical_preflight_bytes[bom-prior_lock-build]
tests/integration/test_v2_artifacts.py::test_evidence_and_build_reject_noncanonical_preflight_bytes[crlf-inventory-evidence]
tests/integration/test_v2_artifacts.py::test_evidence_and_build_reject_noncanonical_preflight_bytes[crlf-inventory-build]
tests/integration/test_v2_artifacts.py::test_evidence_and_build_reject_noncanonical_preflight_bytes[crlf-prior_lock-evidence]
tests/integration/test_v2_artifacts.py::test_evidence_and_build_reject_noncanonical_preflight_bytes[crlf-prior_lock-build]
tests/integration/test_v2_validator_integrity.py::test_checked_in_candidate_passes_integrity_validation
tests/integration/test_v2_validator_integrity.py::test_validator_node_normalization_preserves_escaped_parameter_ids
tests/integration/test_v2_validator_integrity.py::test_text_tampering_fails_even_after_outer_checksums_are_rebuilt
tests/integration/test_v2_validator_integrity.py::test_v2_research_record_rejects_official_only_citation_urls
tests/integration/test_v2_validator_integrity.py::test_v2_official_record_requires_matching_neutral_citation_urls
tests/integration/test_v2_validator_integrity.py::test_citation_page_ranges_fail_closed[1-None-page range is incomplete]
tests/integration/test_v2_validator_integrity.py::test_citation_page_ranges_fail_closed[None-1-page range is incomplete]
tests/integration/test_v2_validator_integrity.py::test_citation_page_ranges_fail_closed[2-1-page range is reversed]
tests/integration/test_v2_validator_integrity.py::test_citation_page_ranges_fail_closed[True-1-positive integers]
tests/integration/test_v2_validator_integrity.py::test_citation_page_ranges_fail_closed[1-1-positive integers]
tests/integration/test_v2_validator_integrity.py::test_citation_without_pages_requires_version_appropriate_fallback[v001]
tests/integration/test_v2_validator_integrity.py::test_citation_without_pages_requires_version_appropriate_fallback[v002]
tests/integration/test_v2_validator_integrity.py::test_v2_rejects_legacy_successor_chunk_id
tests/integration/test_v2_validator_integrity.py::test_v2_crosswalk_requires_explicit_supersession_linkage
tests/integration/test_v2_validator_integrity.py::test_v2_allowlist_requires_explicit_supersession_linkage
tests/integration/test_v2_validator_integrity.py::test_candidate_text_byte_gate_rejects_noncanonical_bytes[bom]
tests/integration/test_v2_validator_integrity.py::test_candidate_text_byte_gate_rejects_noncanonical_bytes[crlf]
tests/integration/test_v2_validator_integrity.py::test_candidate_text_byte_gate_rejects_noncanonical_bytes[lone-cr]
tests/integration/test_v2_validator_integrity.py::test_formal_validation_rejects_nonrepository_schema
tests/integration/test_v2_validator_integrity.py::test_formal_evidence_chain_validates_and_detects_copied_junit_tampering
tests/integration/test_v2_validator_integrity.py::test_formal_evidence_rejects_self_consistent_uncollected_testcase
tests/integration/test_v2_validator_integrity.py::test_formal_evidence_recomputes_testcase_failure_children
tests/integration/test_v2_validator_integrity.py::test_formal_evidence_rejects_all_skipped_suite
tests/integration/test_v2_validator_integrity.py::test_formal_evidence_rejects_unknown_report_fields
tests/integration/test_v2_validator_integrity.py::test_formal_evidence_rejects_self_consistent_failed_execution_receipt
tests/integration/test_v2_validator_integrity.py::test_formal_evidence_rejects_fictional_executed_argv
tests/integration/test_v2_validator_integrity.py::test_formal_evidence_rejects_not_required_status
tests/integration/test_v2_validator_integrity.py::test_inventory_rejects_a_self_consistent_declared_subset
tests/integration/test_v2_validator_integrity.py::test_preflight_documents_require_exact_utf8_lf_deterministic_bytes[whitespace-deterministic JSON form-validation-inventory]
tests/integration/test_v2_validator_integrity.py::test_preflight_documents_require_exact_utf8_lf_deterministic_bytes[whitespace-deterministic JSON form-prior-lock]
tests/integration/test_v2_validator_integrity.py::test_preflight_documents_require_exact_utf8_lf_deterministic_bytes[reformat-deterministic JSON form-validation-inventory]
tests/integration/test_v2_validator_integrity.py::test_preflight_documents_require_exact_utf8_lf_deterministic_bytes[reformat-deterministic JSON form-prior-lock]
tests/integration/test_v2_validator_integrity.py::test_preflight_documents_require_exact_utf8_lf_deterministic_bytes[bom-BOM-validation-inventory]
tests/integration/test_v2_validator_integrity.py::test_preflight_documents_require_exact_utf8_lf_deterministic_bytes[bom-BOM-prior-lock]
tests/integration/test_v2_validator_integrity.py::test_preflight_documents_require_exact_utf8_lf_deterministic_bytes[crlf-LF-only-validation-inventory]
tests/integration/test_v2_validator_integrity.py::test_preflight_documents_require_exact_utf8_lf_deterministic_bytes[crlf-LF-only-prior-lock]
tests/integration/test_v2_validator_integrity.py::test_preflight_documents_require_exact_utf8_lf_deterministic_bytes[invalid-utf8-not UTF-8-validation-inventory]
tests/integration/test_v2_validator_integrity.py::test_preflight_documents_require_exact_utf8_lf_deterministic_bytes[invalid-utf8-not UTF-8-prior-lock]
tests/integration/test_v2_validator_integrity.py::test_validator_inventory_path_sets_match_the_builder
tests/integration/test_v3_public_retrieval_preflight.py::test_committed_v3_owner_acceptance_is_valid
tests/integration/test_v3_public_retrieval_preflight.py::test_committed_v3_preflight_is_valid
tests/integration/test_v3_public_retrieval_preflight.py::test_v3_formal_packages_refuse_overwrite
tests/integration/test_v3_verified_candidate.py::test_committed_owner_human_review_acceptance_is_valid
tests/integration/test_v3_verified_candidate.py::test_committed_verified_build_preflight_snapshot_is_valid
tests/integration/test_v3_verified_candidate.py::test_committed_verified_audit_preflight_is_current
tests/integration/test_v3_verified_candidate.py::test_committed_verified_candidate_is_valid
tests/integration/test_v3_verified_candidate.py::test_verified_formal_packages_refuse_overwrite
tests/unit/test_allowlist_and_loader.py::test_allowlist_normalizes_missing_entry_source_id
tests/unit/test_allowlist_and_loader.py::test_governance_is_exposed_and_external_execution_fails_closed
tests/unit/test_allowlist_and_loader.py::test_external_hash_attestation_is_required_and_must_match[None]
tests/unit/test_allowlist_and_loader.py::test_external_hash_attestation_is_required_and_must_match[not-a-sha256]
tests/unit/test_allowlist_and_loader.py::test_external_hash_attestation_is_required_and_must_match[0000000000000000000000000000000000000000000000000000000000000000]
tests/unit/test_allowlist_and_loader.py::test_matching_external_hash_attestation_allows_effective_manifest
tests/unit/test_allowlist_and_loader.py::test_unsigned_staging_override_allows_exactly_attested_development_manifest
tests/unit/test_allowlist_and_loader.py::test_unsigned_staging_override_never_bypasses_external_hash_attestation[None]
tests/unit/test_allowlist_and_loader.py::test_unsigned_staging_override_never_bypasses_external_hash_attestation[0000000000000000000000000000000000000000000000000000000000000000]
tests/unit/test_allowlist_and_loader.py::test_owner_signature_can_still_be_required_explicitly_in_staging
tests/unit/test_allowlist_and_loader.py::test_production_context_never_uses_unsigned_override[production-False]
tests/unit/test_allowlist_and_loader.py::test_production_context_never_uses_unsigned_override[production-True]
tests/unit/test_allowlist_and_loader.py::test_production_context_never_uses_unsigned_override[staging-True]
tests/unit/test_allowlist_and_loader.py::test_revoked_manifest_is_not_eligible_for_unsigned_staging_override
tests/unit/test_allowlist_and_loader.py::test_chunk_outside_allowlist_is_rejected
tests/unit/test_allowlist_and_loader.py::test_duplicate_chunk_id_is_rejected
tests/unit/test_allowlist_and_loader.py::test_unreviewed_sibling_directories_are_rejected[pending-revalidation]
tests/unit/test_allowlist_and_loader.py::test_unreviewed_sibling_directories_are_rejected[not-authorized]
tests/unit/test_allowlist_and_loader.py::test_invalid_jsonl_is_rejected_without_returning_partial_set
tests/unit/test_allowlist_and_loader.py::test_duplicate_json_key_is_rejected_without_returning_partial_set
tests/unit/test_allowlist_and_loader.py::test_allowlist_duplicate_ids_are_rejected
tests/unit/test_allowlist_and_loader.py::test_allowlist_duplicate_json_key_is_rejected
tests/unit/test_allowlist_and_loader.py::test_unsigned_override_cannot_bypass_declared_allowlist_counts[source_count]
tests/unit/test_allowlist_and_loader.py::test_unsigned_override_cannot_bypass_declared_allowlist_counts[chunk_count]
tests/unit/test_allowlist_builder.py::test_rebuilt_manifest_is_accepted_by_the_real_validator
tests/unit/test_allowlist_builder.py::test_rebuild_is_stable_when_nothing_changed
tests/unit/test_allowlist_builder.py::test_reformatting_alone_is_not_reported_as_a_change
tests/unit/test_allowlist_builder.py::test_edited_chunk_text_is_reported_as_rehashed
tests/unit/test_allowlist_builder.py::test_chunk_from_an_unreviewed_source_is_refused
tests/unit/test_allowlist_builder.py::test_builder_refuses_to_hash_uncleared_directories[pending-revalidation]
tests/unit/test_allowlist_builder.py::test_builder_refuses_to_hash_uncleared_directories[not-authorized]
tests/unit/test_allowlist_builder.py::test_governance_is_carried_over_and_never_elevated
tests/unit/test_allowlist_builder.py::test_removed_chunk_file_drops_the_entry_and_updates_counts
tests/unit/test_bedrock_embedder.py::test_embedder_uses_cohere_v4_document_shape_and_parses_both_responses[False]
tests/unit/test_bedrock_embedder.py::test_embedder_uses_cohere_v4_document_shape_and_parses_both_responses[True]
tests/unit/test_bedrock_embedder.py::test_wrong_vector_dimension_fails_entire_embedding_run
tests/unit/test_bedrock_embedder.py::test_external_embedding_artifact_round_trip
tests/unit/test_bedrock_embedder.py::test_embedding_artifact_inside_repo_is_rejected
tests/unit/test_bedrock_embedder.py::test_embedding_artifact_rejects_model_mismatch
tests/unit/test_bedrock_embedder.py::test_embedding_artifact_rejects_allowlist_mismatch
tests/unit/test_bedrock_embedder.py::test_embedding_artifact_rejects_dimension_mismatch_in_manifest
tests/unit/test_bulk_ingester.py::test_bulk_ingest_uses_chunk_id_as_id_and_verifies_count
tests/unit/test_bulk_ingester.py::test_wrong_vector_dimension_fails_before_bulk
tests/unit/test_bulk_ingester.py::test_verify_waits_for_serverless_document_visibility
tests/unit/test_bulk_ingester.py::test_post_ingest_count_mismatch_rolls_back_staging_index
tests/unit/test_bulk_ingester.py::test_count_above_expected_rolls_back_without_waiting
tests/unit/test_bulk_ingester.py::test_post_ingest_duplicate_chunk_id_rolls_back
tests/unit/test_bulk_ingester.py::test_high_risk_filter_fields_are_normalized_at_top_level
tests/unit/test_bulk_ingester.py::test_official_page_url_is_accepted_when_no_direct_file_link_exists
tests/unit/test_bulk_ingester.py::test_direct_file_link_still_wins_over_the_page_url
tests/unit/test_bulk_ingester.py::test_unpaginated_source_is_indexed_without_page_numbers
tests/unit/test_bulk_ingester.py::test_half_populated_page_range_is_rejected
tests/unit/test_bulk_ingester.py::test_missing_stop_normal_rag_defaults_to_blocked
tests/unit/test_bulk_ingester.py::test_complete_policy_metadata_is_explicitly_retrieval_eligible
tests/unit/test_bulk_ingester.py::test_incomplete_policy_metadata_is_indexed_but_blocked[current_status-unknown-current_status_not_current]
tests/unit/test_bulk_ingester.py::test_incomplete_policy_metadata_is_indexed_but_blocked[risk_level-unknown-risk_level_not_allowed]
tests/unit/test_bulk_ingester.py::test_incomplete_policy_metadata_is_indexed_but_blocked[risk_level-LOW-risk_level_not_allowed]
tests/unit/test_bulk_ingester.py::test_incomplete_policy_metadata_is_indexed_but_blocked[allowed_audiences-value3-allowed_audiences_missing_or_empty]
tests/unit/test_bulk_ingester.py::test_incomplete_policy_metadata_is_indexed_but_blocked[allowed_audiences-value4-allowed_audiences_missing_or_empty]
tests/unit/test_bulk_ingester.py::test_incomplete_policy_metadata_is_indexed_but_blocked[allowed_purposes-value5-allowed_purposes_missing_or_empty]
tests/unit/test_bulk_ingester.py::test_incomplete_policy_metadata_is_indexed_but_blocked[requires_official_assessment-None-requires_official_assessment_missing]
tests/unit/test_bulk_ingester.py::test_incomplete_policy_metadata_is_indexed_but_blocked[requires_professional_assessment-None-requires_professional_assessment_missing]
tests/unit/test_bulk_ingester.py::test_assessment_metadata_must_be_a_real_boolean[requires_official_assessment]
tests/unit/test_bulk_ingester.py::test_assessment_metadata_must_be_a_real_boolean[requires_professional_assessment]
tests/unit/test_cli.py::test_cli_embedding_failure_reports_success_and_failure_counts
tests/unit/test_cli.py::test_inspect_pipelines_is_read_only_and_reports_governance_and_mismatch
tests/unit/test_cli.py::test_cli_reports_safe_dependency_diagnostics
tests/unit/test_cli.py::test_cli_reports_safe_local_configuration_failure_reason[IndexConfigurationError]
tests/unit/test_cli.py::test_cli_reports_safe_local_configuration_failure_reason[SettingsError]
tests/unit/test_cli.py::test_cli_reports_safe_local_configuration_failure_reason[SmokeTestError]
tests/unit/test_cli.py::test_cli_rejects_unsafe_local_configuration_failure_reason[unsafe\nreason]
tests/unit/test_cli.py::test_cli_rejects_unsafe_local_configuration_failure_reason[xxxxxxxxxxxxxxxxxxxxxxxxxxxxxxxxxxxxxxxxxxxxxxxxxxxxxxxxxxxxxxxxxxxxxxxxxxxxxxxxxxxxxxxxxxxxxxxxxxxxxxxxxxxxxxxxxxxxxxxxxxxxxxxxxxxxxxxxxxxxxxxxxxxxxxxxxxxxxxxxxxxxxxxxxxxxxxxxxxxxxxxxxxxxxxxxxxxxxxxxxxxxxxxxxxxxxxxxxxxxxxxxxxxxxxxxxxxxxxxxxxxxxxxxxxxxxxxxxxxxxxxxxxxxxxxxxxxxxxxxxxxxxxxxxxxxxxxxxxxxxxxxxxxxxxxxxxxxxxxxxxxxxxxxxxxxxxxxxxxxxxxxxxxxxxxxxxxxxxxxxxxxxxxxxxxxxxxxxxxxxxxxxxxxxxxxxxxxxxxxxxxxxxxxxxxxxxxxxxxxxxxxxxxxxxxxxxxxxxxxxxxxxxxxxxxxxxxxxxxxxxxxxxxxxxxxxxxxxxxxxxxxxxxxxxxxxxxxxxxxxxxxxxxxxxxxx]
tests/unit/test_cli.py::test_cli_create_index_reports_bounded_opensearch_reason
tests/unit/test_cli.py::test_cli_create_index_uses_safe_root_cause_reason
tests/unit/test_cli.py::test_cli_only_emits_safe_create_index_request_reason[unsafe\nreason]
tests/unit/test_cli.py::test_cli_only_emits_safe_create_index_request_reason[xxxxxxxxxxxxxxxxxxxxxxxxxxxxxxxxxxxxxxxxxxxxxxxxxxxxxxxxxxxxxxxxxxxxxxxxxxxxxxxxxxxxxxxxxxxxxxxxxxxxxxxxxxxxxxxxxxxxxxxxxxxxxxxxxxxxxxxxxxxxxxxxxxxxxxxxxxxxxxxxxxxxxxxxxxxxxxxxxxxxxxxxxxxxxxxxxxxxxxxxxxxxxxxxxxxxxxxxxxxxxxxxxxxxxxxxxxxxxxxxxxxxxxxxxxxxxxxxxxxxxxxxxxxxxxxxxxxxxxxxxxxxxxxxxxxxxxxxxxxxxxxxxxxxxxxxxxxxxxxxxxxxxxxxxxxxxxxxxxxxxxxxxxxxxxxxxxxxxxxxxxxxxxxxxxxxxxxxxxxxxxxxxxxxxxxxxxxxxxxxxxxxxxxxxxxxxxxxxxxxxxxxxxxxxxxxxxxxxxxxxxxxxxxxxxxxxxxxxxxxxxxxxxxxxxxxxxxxxxxxxxxxxxxxxxxxxxxxxxxxxxxxxxxxxxxxx]
tests/unit/test_cli.py::test_cli_does_not_emit_request_reason_for_ingest
tests/unit/test_cli.py::test_generate_embeddings_passes_effective_allowlist_to_guarded_workflow
tests/unit/test_cli.py::test_external_commands_check_attestation_before_sdk_initialization[_create_index]
tests/unit/test_cli.py::test_external_commands_check_attestation_before_sdk_initialization[_generate_embeddings]
tests/unit/test_cli.py::test_external_commands_check_attestation_before_sdk_initialization[_ingest]
tests/unit/test_cli.py::test_external_commands_check_attestation_before_sdk_initialization[_verify_index]
tests/unit/test_cli.py::test_external_commands_check_attestation_before_sdk_initialization[_smoke_test]
tests/unit/test_cli.py::test_cli_governance_failure_log_marks_unsigned_development_override
tests/unit/test_cli.py::test_cli_post_gate_failure_log_retains_unsigned_governance_markers
tests/unit/test_cli.py::test_ingest_persists_verified_receipt_before_alias_activation
tests/unit/test_cli.py::test_alias_failure_deletes_new_index_and_persists_failed_receipt
tests/unit/test_cli.py::test_final_receipt_failure_restores_alias_and_deletes_new_index
tests/unit/test_cli.py::test_multiple_preexisting_alias_targets_are_not_collapsed_to_first
tests/unit/test_cli.py::test_smoke_test_queries_verified_alias_not_concrete_index
tests/unit/test_cli.py::test_cli_reports_bulk_error_classes_from_the_wrapped_cause
tests/unit/test_cli.py::test_cli_reports_provider_error_code_without_the_provider_message
tests/unit/test_cli.py::test_persist_receipt_retains_one_file_per_run
tests/unit/test_cli.py::test_run_receipt_path_rejects_a_run_id_that_could_escape_the_directory
tests/unit/test_cli.py::test_missing_agent_runtime_url_fails_before_opensearch_initialization
tests/unit/test_embedding_provider.py::test_factory_builds_google_document_provider_without_fallback
tests/unit/test_embedding_provider.py::test_factory_builds_bedrock_only_for_bedrock_profile
tests/unit/test_google_embedder.py::test_vertex_express_classification_does_not_require_client_initialization
tests/unit/test_google_embedder.py::test_google_document_embedder_batches_with_fixed_task_type_and_dimension
tests/unit/test_google_embedder.py::test_vertex_express_key_uses_single_document_requests
tests/unit/test_google_embedder.py::test_google_provider_failure_is_scrubbed_and_reports_remaining_count
tests/unit/test_google_embedder.py::test_google_dimension_mismatch_fails_closed
tests/unit/test_google_embedder.py::test_google_blank_document_is_rejected_before_provider_call[]
tests/unit/test_google_embedder.py::test_google_blank_document_is_rejected_before_provider_call[   ]
tests/unit/test_google_embedder.py::test_injected_google_client_is_not_closed_by_adapter
tests/unit/test_index_manager.py::test_create_fresh_staging_index_and_verify_mapping
tests/unit/test_index_manager.py::test_nextgen_index_config_rejects_method_engine
tests/unit/test_index_manager.py::test_nextgen_index_config_rejects_missing_required_vector_mapping[missing_path0]
tests/unit/test_index_manager.py::test_nextgen_index_config_rejects_missing_required_vector_mapping[missing_path1]
tests/unit/test_index_manager.py::test_nextgen_index_config_rejects_missing_required_vector_mapping[missing_path2]
tests/unit/test_index_manager.py::test_nextgen_index_config_rejects_missing_required_vector_mapping[missing_path3]
tests/unit/test_index_manager.py::test_nextgen_index_config_rejects_missing_required_vector_mapping[missing_path4]
tests/unit/test_index_manager.py::test_nextgen_index_config_rejects_invalid_required_vector_mapping[text-1024-cosinesimil-hnsw]
tests/unit/test_index_manager.py::test_nextgen_index_config_rejects_invalid_required_vector_mapping[knn_vector-1536-cosinesimil-hnsw]
tests/unit/test_index_manager.py::test_nextgen_index_config_rejects_invalid_required_vector_mapping[knn_vector-1024-l2-hnsw]
tests/unit/test_index_manager.py::test_nextgen_index_config_rejects_invalid_required_vector_mapping[knn_vector-1024-cosinesimil-ivf]
tests/unit/test_index_manager.py::test_checked_in_nextgen_index_config_uses_engine_free_mapping
tests/unit/test_index_manager.py::test_existing_index_is_not_overwritten
tests/unit/test_index_manager.py::test_mapping_readback_failure_rolls_back_new_index
tests/unit/test_index_manager.py::test_mapping_verification_retries_a_transient_not_found
tests/unit/test_index_manager.py::test_non_staging_config_is_rejected_when_creating_staging_index
tests/unit/test_index_manager.py::test_search_pipeline_names_and_weights_are_loaded_and_provisioned
tests/unit/test_index_manager.py::test_pipeline_provider_failure_is_not_converted_to_a_local_failure_reason
tests/unit/test_index_manager.py::test_search_pipeline_verification_retries_until_resource_is_visible
tests/unit/test_index_manager.py::test_search_pipeline_visibility_timeout_retains_pipeline_and_does_not_create_index
tests/unit/test_index_manager.py::test_pipeline_verification_polls_all_pending_pipelines_in_one_window
tests/unit/test_index_manager.py::test_pipeline_mismatch_is_detected_before_any_put
tests/unit/test_index_manager.py::test_matching_existing_pipeline_is_reused_without_put
tests/unit/test_index_manager.py::test_pipeline_inspection_reads_each_pipeline_once_without_mutation
tests/unit/test_index_manager.py::test_pipeline_inspection_reports_missing_without_a_configuration_match
tests/unit/test_index_manager.py::test_default_visibility_window_is_sixty_seconds
tests/unit/test_index_manager.py::test_alias_verification_requires_exactly_one_configured_target
tests/unit/test_opensearch_client.py::test_bulk_create_omits_the_refresh_policy_serverless_rejects
tests/unit/test_opensearch_client.py::test_from_aws_sets_a_timeout_large_enough_for_a_full_bulk
tests/unit/test_opensearch_client.py::test_search_pipeline_requires_acknowledgement
tests/unit/test_opensearch_client.py::test_search_pipeline_put_uses_configured_name_and_body
tests/unit/test_opensearch_client.py::test_signing_service_is_inferred_from_hostname[https://collection.us-east-1.aoss.amazonaws.com-aoss]
tests/unit/test_opensearch_client.py::test_signing_service_is_inferred_from_hostname[search-domain.us-east-1.es.amazonaws.com-es]
tests/unit/test_opensearch_client.py::test_signing_service_is_inferred_from_hostname[localhost-es]
tests/unit/test_opensearch_client.py::test_smoke_query_requires_explicit_normal_rag_eligibility
tests/unit/test_opensearch_client.py::test_smoke_query_rejects_ineligible_hit[current_status-unknown]
tests/unit/test_opensearch_client.py::test_smoke_query_rejects_ineligible_hit[stop_normal_rag-True]
tests/unit/test_opensearch_client.py::test_smoke_query_rejects_ineligible_hit[risk_level-unknown]
tests/unit/test_opensearch_client.py::test_smoke_query_rejects_ineligible_hit[retrieval_eligible-False]
tests/unit/test_opensearch_client.py::test_smoke_query_rejects_ineligible_hit[retrieval_block_reasons-value4]
tests/unit/test_postgres_embedding_artifact.py::test_generates_atomic_profile_bound_artifact_outside_repository
tests/unit/test_postgres_embedding_artifact.py::test_rejects_unapproved_profile_before_provider_call
tests/unit/test_rag_chunk_v2_schema_contract.py::test_v1_schema_bytes_remain_frozen
tests/unit/test_rag_chunk_v2_schema_contract.py::test_immutable_v001_candidate_remains_valid
tests/unit/test_rag_chunk_v2_schema_contract.py::test_v1_schema_rejects_v21_citation_fields
tests/unit/test_rag_chunk_v2_schema_contract.py::test_v002_official_source_accepts_neutral_and_official_urls
tests/unit/test_rag_chunk_v2_schema_contract.py::test_v002_requires_both_neutral_source_url_fields[direct_source_url]
tests/unit/test_rag_chunk_v2_schema_contract.py::test_v002_requires_both_neutral_source_url_fields[source_page_url]
tests/unit/test_rag_chunk_v2_schema_contract.py::test_v002_non_official_source_requires_null_official_urls
tests/unit/test_rag_chunk_v2_schema_contract.py::test_artifact_and_schema_versions_must_match[v001-2.1.0]
tests/unit/test_rag_chunk_v2_schema_contract.py::test_artifact_and_schema_versions_must_match[v002-2.0.0]
tests/unit/test_rag_chunk_v3_schema_contract.py::test_v003_official_successor_is_valid
tests/unit/test_rag_chunk_v3_schema_contract.py::test_v003_research_cannot_claim_public_knowledge
tests/unit/test_rag_chunk_v3_schema_contract.py::test_v003_reuse_state_must_match_governance
tests/unit/test_rag_chunk_v3_schema_contract.py::test_v003_never_auto_promotes_review_or_production
tests/unit/test_rag_chunk_v3_schema_contract.py::test_owner_public_use_acceptance_is_staging_only
tests/unit/test_rag_chunk_v3_schema_contract.py::test_owner_approval_cannot_replace_source_evidence
tests/unit/test_rag_chunk_v3_verified_schema.py::test_owner_acceptance_authorizes_verified_staging_only
tests/unit/test_rag_chunk_v3_verified_schema.py::test_verified_official_successor_preserves_source_and_safety_fields
tests/unit/test_rag_chunk_v3_verified_schema.py::test_verified_research_successor_stays_research_evidence
tests/unit/test_rag_chunk_v3_verified_schema.py::test_verified_successor_cannot_enable_production
tests/unit/test_rag_chunk_v3_verified_schema.py::test_explicit_superseded_chunk_is_not_promoted
tests/unit/test_settings_and_receipt.py::test_settings_reject_non_1024_dimension
tests/unit/test_settings_and_receipt.py::test_google_profile_requires_exact_document_task_and_secret
tests/unit/test_settings_and_receipt.py::test_google_secret_is_masked_in_settings_representation
tests/unit/test_settings_and_receipt.py::test_checked_in_google_config_loads_provider_neutral_profile
tests/unit/test_settings_and_receipt.py::test_settings_reject_production_index_name
tests/unit/test_settings_and_receipt.py::test_settings_do_not_require_aws_for_local_validation
tests/unit/test_settings_and_receipt.py::test_uncleared_chunk_directories_are_refused_before_any_load[pending-revalidation]
tests/unit/test_settings_and_receipt.py::test_uncleared_chunk_directories_are_refused_before_any_load[not-authorized]
tests/unit/test_settings_and_receipt.py::test_smoke_test_requires_explicit_agent_runtime_base_url
tests/unit/test_settings_and_receipt.py::test_unrelated_dotenv_keys_are_ignored
tests/unit/test_settings_and_receipt.py::test_governance_environment_flags_default_false_and_parse_explicit_values
tests/unit/test_settings_and_receipt.py::test_first_release_refuses_non_staging_external_targets[settings0]
tests/unit/test_settings_and_receipt.py::test_first_release_refuses_non_staging_external_targets[settings1]
tests/unit/test_settings_and_receipt.py::test_receipt_contains_governance_and_never_vectors_or_text
tests/unit/test_settings_and_receipt.py::test_receipt_revalidates_allowlist_attestation_instead_of_trusting_caller
tests/unit/test_smoke_test.py::test_checked_in_smoke_config_has_distinct_positive_and_no_data_requests
tests/unit/test_smoke_test.py::test_http_smoke_validates_positive_citations_and_no_data_fallback
tests/unit/test_smoke_test.py::test_unreachable_agent_runtime_fails_smoke
tests/unit/test_smoke_test.py::test_incomplete_positive_citation_fails_smoke
tests/unit/test_smoke_test.py::test_no_data_case_must_not_return_success_results
tests/unit/test_source_family_policy_v2_schema.py::test_owner_source_family_policy_acceptance_schema_is_valid
tests/unit/test_source_family_policy_v2_schema.py::test_source_family_policy_v2_schema_is_valid
tests/unit/test_source_family_policy_v2_schema.py::test_owner_assessment_response_policy_acceptance_schema_is_valid
tests/unit/test_source_family_policy_v2_schema.py::test_source_family_runtime_policy_v2_schema_is_valid
tests/unit/test_source_family_policy_v2_schema.py::test_owner_purpose_classification_acceptance_schema_is_valid
tests/unit/test_source_family_policy_v2_schema.py::test_source_family_runtime_policy_v3_schema_is_valid
tests/unit/test_source_family_policy_v2_schema.py::test_policy_v2_schema_fixes_production_and_external_gates
tests/unit/test_source_family_policy_v2_schema.py::test_acceptance_schema_records_five_low_risk_overlays_without_chunk_mutation
tests/unit/test_source_family_policy_v2_schema.py::test_purpose_acceptance_keeps_classification_in_staging_review
tests/unit/test_validator.py::test_hash_mismatch_stops_validation
tests/unit/test_validator.py::test_missing_embedding_text_is_rejected
tests/unit/test_validator.py::test_duplicate_chunk_id_is_rejected_even_if_loader_is_bypassed
tests/unit/test_validator.py::test_valid_complete_set_returns_counts

328 tests collected in 4.79s
warning: `VIRTUAL_ENV=services\core-api\.venv` does not match the project environment path `services\rag-ingestion\.venv` and will be ignored; use `--active` to target the active environment instead
